Importer Log Report
Project : Adafruit VEML7700 STEMMA QT.PrjPcb

Section : Analyze Document - C:\Users\hueppim\Downloads\Adafruit VEML7700 STEMMA QT.brd
    Analyzing data of C:\Users\hueppim\Downloads\Adafruit VEML7700 STEMMA QT.brd
    Load settings
    Load layers 177
    Load board
    Load Library "microbuilder"
    Load Packages 11
    Load Library "silks"
    Load Packages 2
    Load Library "adafruit_electromech"
    Load Packages 1
    Load Library "adafruit_power"
    Load Packages 1
    Load Library "VEML7700"
    Load Packages 1
    ERROR: Unhandled typemfgpreviewcolors
    ERROR: Unhandled typeerrors
EndSection

Section : Analyze Document - C:\Users\hueppim\Downloads\Adafruit VEML7700 STEMMA QT.sch
    Analyzing data of C:\Users\hueppim\Downloads\Adafruit VEML7700 STEMMA QT.sch
    Load settings
    Load layers 177
    Load schematic
    Load Libraries 5
    Load Library "microbuilder"
    Load Packages 48
    Load Symbols 12
    Load DeviceSets 12
    Load Library "supply1"
    Load Packages 0
    Load Symbols 2
    Load DeviceSets 2
    Load Library "adafruit_electromech"
    Load Packages 10
    Load Symbols 1
    Load DeviceSets 1
    Load Library "adafruit_power"
    Load Packages 1
    Load Symbols 2
    Load DeviceSets 2
    Load Library "VEML7700"
    Load Packages 1
    Load Symbols 1
    Load DeviceSets 1
    Load Attributes 3
    Load Classes 3
    Load Parts 39
    Load Sheets 1
    ERROR: Unhandled type <errors>
EndSection
