Added Component: Designator=C1(0603_CAPACITOR)
Added Component: Designator=C2(0603_CAPACITOR)
Added Component: Designator=J1(Connector_SMD)
Add component (AddParameter): Name = "ComponentLink1Description"; Value = "Supplier"; VariantName = "[No Variations]"
Add component (AddParameter): Name = "ComponentLink1URL"; Value = "https://www.digikey.ch/en/products/detail/jst-sales-america-inc/B4B-PH-SM4-TB/926643"; VariantName = "[No Variations]"
Added Component: Designator=J2(RJ45)
Add component (AddParameter): Name = "Check_prices"; Value = "https://www.snapeda.com/parts/RJE091884511C/Amphenol/view-part/?ref=eda"; VariantName = "[No Variations]"
Add component (AddParameter): Name = "MF"; Value = "Amphenol ICC (Commercial Products)"; VariantName = "[No Variations]"
Add component (AddParameter): Name = "MP"; Value = "RJE091884511C"; VariantName = "[No Variations]"
Add component (AddParameter): Name = "Package"; Value = "None"; VariantName = "[No Variations]"
Add component (AddParameter): Name = "Parameter 1"; Value = ""; VariantName = "[No Variations]"
Add component (AddParameter): Name = "SnapEDA_Link"; Value = "https://www.snapeda.com/parts/RJE091884511C/Amphenol/view-part/?ref=snap"; VariantName = "[No Variations]"
Add component (AddParameter): Name = "System"; Value = "Connector"; VariantName = "[No Variations]"
Added Component: Designator=LED1(LED_0603, GREEN)
Added Component: Designator=MEC1(Mounting Hole M3, plated)
Added Component: Designator=MEC2(Mounting Hole M3, plated)
Added Component: Designator=MEC3(Mounting Hole M3, plated)
Added Component: Designator=MEC4(Mounting Hole M3, plated)
Added Component: Designator=R1(0603_Resistor)
Added Component: Designator=R2(0603_Resistor)
Added Component: Designator=R3(0603_Resistor)
Added Component: Designator=U1(Brightness_Sensor)
Add component (AddParameter): Name = "ComponentLink1Description"; Value = "Supplier"; VariantName = "[No Variations]"
Add component (AddParameter): Name = "ComponentLink1URL"; Value = "https://www.digikey.ch/en/products/detail/vishay-semiconductor-opto-division/VEML7700-TR/5820243"; VariantName = "[No Variations]"
Added Pin To Net: NetName=GND Pin=C1-1
Added Pin To Net: NetName=+3.3V Pin=C1-2
Added Pin To Net: NetName=GND Pin=C2-1
Added Pin To Net: NetName=+3.3V Pin=C2-2
Added Pin To Net: NetName=+3.3V Pin=J1-1
Added Pin To Net: NetName=SDA Pin=J1-2
Added Pin To Net: NetName=SCL Pin=J1-3
Added Pin To Net: NetName=GND Pin=J1-4
Added Pin To Net: NetName=GND Pin=J1-SH1
Added Pin To Net: NetName=GND Pin=J1-SH2
Added Pin To Net: NetName=+3.3V Pin=J2-1
Added Pin To Net: NetName=+3.3V Pin=J2-2
Added Pin To Net: NetName=SDA Pin=J2-3
Added Pin To Net: NetName=SCL Pin=J2-4
Added Pin To Net: NetName=SCL Pin=J2-5
Added Pin To Net: NetName=SDA Pin=J2-6
Added Pin To Net: NetName=GND Pin=J2-7
Added Pin To Net: NetName=GND Pin=J2-8
Added Pin To Net: NetName=GND Pin=J2-SH1
Added Pin To Net: NetName=GND Pin=J2-SH2
Added Pin To Net: NetName=NetLED1_A Pin=LED1-A
Added Pin To Net: NetName=GND Pin=LED1-K
Added Pin To Net: NetName=NetLED1_A Pin=R1-1
Added Pin To Net: NetName=+3.3V Pin=R1-2
Added Pin To Net: NetName=SDA Pin=R2-1
Added Pin To Net: NetName=+3.3V Pin=R2-2
Added Pin To Net: NetName=SCL Pin=R3-1
Added Pin To Net: NetName=+3.3V Pin=R3-2
Added Pin To Net: NetName=SCL Pin=U1-1
Added Pin To Net: NetName=+3.3V Pin=U1-2
Added Pin To Net: NetName=GND Pin=U1-3
Added Pin To Net: NetName=SDA Pin=U1-4
Added Member To Class: ClassName=Brightness_Sensor_Schematic Member=Component C1 10u
Added Member To Class: ClassName=Brightness_Sensor_Schematic Member=Component C2 100n
Added Member To Class: ClassName=Brightness_Sensor_Schematic Member=Component J1 B4B-PH-SM4-TB
Added Member To Class: ClassName=Brightness_Sensor_Schematic Member=Component J2 RJE091884511C
Added Member To Class: ClassName=Brightness_Sensor_Schematic Member=Component LED1 GREEN
Added Member To Class: ClassName=Blackbox_Brightness_Sensor_Schematic Member=Component MEC1 Mounting Hole M3, plated
Added Member To Class: ClassName=Blackbox_Brightness_Sensor_Schematic Member=Component MEC2 Mounting Hole M3, plated
Added Member To Class: ClassName=Blackbox_Brightness_Sensor_Schematic Member=Component MEC3 Mounting Hole M3, plated
Added Member To Class: ClassName=Blackbox_Brightness_Sensor_Schematic Member=Component MEC4 Mounting Hole M3, plated
Added Member To Class: ClassName=Brightness_Sensor_Schematic Member=Component R1 3.3k
Added Member To Class: ClassName=Brightness_Sensor_Schematic Member=Component R2 10k
Added Member To Class: ClassName=Brightness_Sensor_Schematic Member=Component R3 10k
Added Member To Class: ClassName=Brightness_Sensor_Schematic Member=Component U1 VEML7700-TR
