Change Component Description : Designator=F1 Old Description=FUSE BRD MNT 10A 125VAC/VDC SMD New Description=FUSE BRD MNT 10A 125VAC/VDC SMD | Littelfuse 0154010.DR.
Added Component: Designator=R19(1206_Resistor)
Added Component: Designator=R21(1206_Resistor)
Added Pin To Net: NetName=U0_RXD Pin=R19-1
Added Pin To Net: NetName=NetR19_2 Pin=R19-2
Added Pin To Net: NetName=U0_TXD Pin=R21-1
Added Pin To Net: NetName=NetR21_2 Pin=R21-2
Added Member To Class: ClassName=U_ESP32_S3_Wroom2_Schematic Member=Component C13 100n
Added Member To Class: ClassName=U_ESP32_S3_Wroom2_Schematic Member=Component C16 10n
Added Member To Class: ClassName=U_ESP32_S3_Wroom2_Schematic Member=Component C17 10n
Added Member To Class: ClassName=U_ESP32_S3_Wroom2_Schematic Member=Component C18 10n
Added Member To Class: ClassName=U_ESP32_S3_Wroom2_Schematic Member=Component C20 100n
Added Member To Class: ClassName=U_ESP32_S3_Wroom2_Schematic Member=Component D1 ESD5B5.0ST1G
Added Member To Class: ClassName=U_ESP32_S3_Wroom2_Schematic Member=Component D3 ESD5B5.0ST1G
Added Member To Class: ClassName=U_ESP32_S3_Wroom2_Schematic Member=Component D5 ESD5B5.0ST1G
Added Member To Class: ClassName=U_ESP32_S3_Wroom2_Schematic Member=Component J2 USB4105-GF-A
Added Member To Class: ClassName=U_LED_16x_Schematic Member=Component J18 B4B-PH-SM4-TB
Added Member To Class: ClassName=U_ESP32_S3_Wroom2_Schematic Member=Component R7 5.1k
Added Member To Class: ClassName=U_ESP32_S3_Wroom2_Schematic Member=Component R8 5.1k
Added Member To Class: ClassName=U_ESP32_S3_Wroom2_Schematic Member=Component R14 24
Added Member To Class: ClassName=U_ESP32_S3_Wroom2_Schematic Member=Component R15 24
Added Member To Class: ClassName=U_ESP32_S3_Wroom2_Schematic Member=Component R19 0
Added Member To Class: ClassName=U_ESP32_S3_Wroom2_Schematic Member=Component R21 0
Added Member To Class: ClassName=U_ESP32_S3_Wroom2_Schematic Member=Component R22 24
Added Member To Class: ClassName=U_ESP32_S3_Wroom2_Schematic Member=Component R23 24
Added Member To Class: ClassName=U_ESP32_S3_Wroom2_Schematic Member=Component U4 ADUM3160BRWZ
