Added Component: Designator=C2(0603_CAPACITOR)
Added Component: Designator=C3(0603_CAPACITOR)
Added Component: Designator=C4(0603_CAPACITOR)
Added Component: Designator=C6(0603_CAPACITOR)
Added Component: Designator=C13(0603_CAPACITOR)
Added Component: Designator=C14(0603_CAPACITOR)
Added Component: Designator=C15(0603_CAPACITOR)
Added Component: Designator=C16(0603_CAPACITOR)
Added Component: Designator=C17(0603_CAPACITOR)
Added Component: Designator=C18(0603_CAPACITOR)
Added Component: Designator=C19(0603_CAPACITOR)
Added Component: Designator=C20(0603_CAPACITOR)
Added Component: Designator=C21(0603_CAPACITOR)
Added Component: Designator=C22(0603_CAPACITOR)
Added Component: Designator=C23(0603_CAPACITOR)
Added Component: Designator=C24(0603_CAPACITOR)
Added Component: Designator=C25(0603_CAPACITOR)
Added Component: Designator=C26(0603_CAPACITOR)
Added Component: Designator=C27(0603_CAPACITOR)
Added Component: Designator=C28(0603_CAPACITOR)
Added Component: Designator=C29(0603_CAPACITOR)
Added Component: Designator=D1(ESD_Protecction_Diode)
Add component (AddParameter): Name = "ComponentLink1Description"; Value = "Supplier"; VariantName = "[No Variations]"
Add component (AddParameter): Name = "ComponentLink1URL"; Value = "https://www.digikey.com/en/products/detail/onsemi/ESD5B5-0ST1G/1792206"; VariantName = "[No Variations]"
Added Component: Designator=D2(ESD_Protecction_Diode)
Add component (AddParameter): Name = "ComponentLink1Description"; Value = "Supplier"; VariantName = "[No Variations]"
Add component (AddParameter): Name = "ComponentLink1URL"; Value = "https://www.digikey.com/en/products/detail/onsemi/ESD5B5-0ST1G/1792206"; VariantName = "[No Variations]"
Added Component: Designator=D3(ESD_Protecction_Diode)
Add component (AddParameter): Name = "ComponentLink1Description"; Value = "Supplier"; VariantName = "[No Variations]"
Add component (AddParameter): Name = "ComponentLink1URL"; Value = "https://www.digikey.com/en/products/detail/onsemi/ESD5B5-0ST1G/1792206"; VariantName = "[No Variations]"
Added Component: Designator=D4(ESD_Protecction_Diode)
Add component (AddParameter): Name = "ComponentLink1Description"; Value = "Supplier"; VariantName = "[No Variations]"
Add component (AddParameter): Name = "ComponentLink1URL"; Value = "https://www.digikey.com/en/products/detail/onsemi/ESD5B5-0ST1G/1792206"; VariantName = "[No Variations]"
Added Component: Designator=D5(ESD_Protecction_Diode)
Add component (AddParameter): Name = "ComponentLink1Description"; Value = "Supplier"; VariantName = "[No Variations]"
Add component (AddParameter): Name = "ComponentLink1URL"; Value = "https://www.digikey.com/en/products/detail/onsemi/ESD5B5-0ST1G/1792206"; VariantName = "[No Variations]"
Added Component: Designator=D6(ESD_Protecction_Diode)
Add component (AddParameter): Name = "ComponentLink1Description"; Value = "Supplier"; VariantName = "[No Variations]"
Add component (AddParameter): Name = "ComponentLink1URL"; Value = "https://www.digikey.com/en/products/detail/onsemi/ESD5B5-0ST1G/1792206"; VariantName = "[No Variations]"
Added Component: Designator=D7(WS2812B)
Added Component: Designator=F1(Fuse)
Added Component: Designator=J1(PCB_Connector)
Add component (AddParameter): Name = "Check_prices"; Value = "https://www.snapeda.com/parts/XT60PW-M/AMASS/view-part/?ref=eda"; VariantName = "[No Variations]"
Add component (AddParameter): Name = "MF"; Value = "AMASS"; VariantName = "[No Variations]"
Add component (AddParameter): Name = "MP"; Value = "XT60PW-M"; VariantName = "[No Variations]"
Add component (AddParameter): Name = "Package"; Value = "Package"; VariantName = "[No Variations]"
Add component (AddParameter): Name = "SnapEDA_Link"; Value = "https://www.snapeda.com/parts/XT60PW-M/AMASS/view-part/?ref=snap"; VariantName = "[No Variations]"
Add component (AddParameter): Name = "Value"; Value = ""; VariantName = "[No Variations]"
Added Component: Designator=J2(USB4105-GF-A)
Added Component: Designator=J3(USB4105-GF-A)
Added Component: Designator=J4(RJ45)
Add component (AddParameter): Name = "Check_prices"; Value = "https://www.snapeda.com/parts/RJE091884511C/Amphenol/view-part/?ref=eda"; VariantName = "[No Variations]"
Add component (AddParameter): Name = "MF"; Value = "Amphenol ICC (Commercial Products)"; VariantName = "[No Variations]"
Add component (AddParameter): Name = "MP"; Value = "RJE091884511C"; VariantName = "[No Variations]"
Add component (AddParameter): Name = "Package"; Value = "None"; VariantName = "[No Variations]"
Add component (AddParameter): Name = "Parameter 1"; Value = ""; VariantName = "[No Variations]"
Add component (AddParameter): Name = "SnapEDA_Link"; Value = "https://www.snapeda.com/parts/RJE091884511C/Amphenol/view-part/?ref=snap"; VariantName = "[No Variations]"
Add component (AddParameter): Name = "System"; Value = "Connector"; VariantName = "[No Variations]"
Added Component: Designator=J5(Connector_SMD)
Add component (AddParameter): Name = "ComponentLink1Description"; Value = "Supplier"; VariantName = "[No Variations]"
Add component (AddParameter): Name = "ComponentLink1URL"; Value = "https://www.digikey.ch/en/products/detail/jst-sales-america-inc/B4B-PH-SM4-TB/926643"; VariantName = "[No Variations]"
Added Component: Designator=J6(Screw_Connector)
Added Component: Designator=J7(Connector_SMD)
Add component (AddParameter): Name = "ComponentLink1Description"; Value = "Supplier"; VariantName = "[No Variations]"
Add component (AddParameter): Name = "ComponentLink1URL"; Value = "https://www.digikey.ch/en/products/detail/jst-sales-america-inc/B4B-PH-SM4-TB/926643"; VariantName = "[No Variations]"
Added Component: Designator=J8(Connector_SMD)
Add component (AddParameter): Name = "ComponentLink1Description"; Value = "Supplier"; VariantName = "[No Variations]"
Add component (AddParameter): Name = "ComponentLink1URL"; Value = "https://www.digikey.ch/en/products/detail/jst-sales-america-inc/B4B-PH-SM4-TB/926643"; VariantName = "[No Variations]"
Added Component: Designator=J9(Connector_SMD)
Add component (AddParameter): Name = "ComponentLink1Description"; Value = "Supplier"; VariantName = "[No Variations]"
Add component (AddParameter): Name = "ComponentLink1URL"; Value = "https://www.digikey.ch/en/products/detail/jst-sales-america-inc/B4B-PH-SM4-TB/926643"; VariantName = "[No Variations]"
Added Component: Designator=J10(Connector_SMD)
Add component (AddParameter): Name = "ComponentLink1Description"; Value = "Supplier"; VariantName = "[No Variations]"
Add component (AddParameter): Name = "ComponentLink1URL"; Value = "https://www.digikey.ch/en/products/detail/jst-sales-america-inc/B4B-PH-SM4-TB/926643"; VariantName = "[No Variations]"
Added Component: Designator=J11(Connector_SMD)
Add component (AddParameter): Name = "ComponentLink1Description"; Value = "Supplier"; VariantName = "[No Variations]"
Add component (AddParameter): Name = "ComponentLink1URL"; Value = "https://www.digikey.ch/en/products/detail/jst-sales-america-inc/B4B-PH-SM4-TB/926643"; VariantName = "[No Variations]"
Added Component: Designator=J12(Connector_SMD)
Add component (AddParameter): Name = "ComponentLink1Description"; Value = "Supplier"; VariantName = "[No Variations]"
Add component (AddParameter): Name = "ComponentLink1URL"; Value = "https://www.digikey.ch/en/products/detail/jst-sales-america-inc/B4B-PH-SM4-TB/926643"; VariantName = "[No Variations]"
Added Component: Designator=J13(Connector_SMD)
Add component (AddParameter): Name = "ComponentLink1Description"; Value = "Supplier"; VariantName = "[No Variations]"
Add component (AddParameter): Name = "ComponentLink1URL"; Value = "https://www.digikey.ch/en/products/detail/jst-sales-america-inc/B4B-PH-SM4-TB/926643"; VariantName = "[No Variations]"
Added Component: Designator=J14(Connector_SMD)
Add component (AddParameter): Name = "ComponentLink1Description"; Value = "Supplier"; VariantName = "[No Variations]"
Add component (AddParameter): Name = "ComponentLink1URL"; Value = "https://www.digikey.ch/en/products/detail/jst-sales-america-inc/B4B-PH-SM4-TB/926643"; VariantName = "[No Variations]"
Added Component: Designator=J15(Connector_SMD)
Add component (AddParameter): Name = "ComponentLink1Description"; Value = "Supplier"; VariantName = "[No Variations]"
Add component (AddParameter): Name = "ComponentLink1URL"; Value = "https://www.digikey.ch/en/products/detail/jst-sales-america-inc/B4B-PH-SM4-TB/926643"; VariantName = "[No Variations]"
Added Component: Designator=J16(Connector_SMD)
Add component (AddParameter): Name = "ComponentLink1Description"; Value = "Supplier"; VariantName = "[No Variations]"
Add component (AddParameter): Name = "ComponentLink1URL"; Value = "https://www.digikey.ch/en/products/detail/jst-sales-america-inc/B4B-PH-SM4-TB/926643"; VariantName = "[No Variations]"
Added Component: Designator=J17(Connector_SMD)
Add component (AddParameter): Name = "ComponentLink1Description"; Value = "Supplier"; VariantName = "[No Variations]"
Add component (AddParameter): Name = "ComponentLink1URL"; Value = "https://www.digikey.ch/en/products/detail/jst-sales-america-inc/B4B-PH-SM4-TB/926643"; VariantName = "[No Variations]"
Added Component: Designator=J18(Connector_SMD)
Add component (AddParameter): Name = "ComponentLink1Description"; Value = "Supplier"; VariantName = "[No Variations]"
Add component (AddParameter): Name = "ComponentLink1URL"; Value = "https://www.digikey.ch/en/products/detail/jst-sales-america-inc/B4B-PH-SM4-TB/926643"; VariantName = "[No Variations]"
Added Component: Designator=LED1(LED_0603, GREEN)
Added Component: Designator=MEC1(Mounting Hole M3, plated)
Added Component: Designator=MEC2(Mounting Hole M3, plated)
Added Component: Designator=MEC3(Mounting Hole M3, plated)
Added Component: Designator=MEC4(Mounting Hole M3, plated)
Added Component: Designator=Q1(NPN_Bipolar_Transistor)
Add component (AddParameter): Name = "ComponentLink1Description"; Value = "Supplier"; VariantName = "[No Variations]"
Add component (AddParameter): Name = "ComponentLink1URL"; Value = "https://www.digikey.com/en/products/detail/guangdong-inmark-electronics-co-ltd/SS8050/28539054"; VariantName = "[No Variations]"
Added Component: Designator=Q2(NPN_Bipolar_Transistor)
Add component (AddParameter): Name = "ComponentLink1Description"; Value = "Supplier"; VariantName = "[No Variations]"
Add component (AddParameter): Name = "ComponentLink1URL"; Value = "https://www.digikey.com/en/products/detail/guangdong-inmark-electronics-co-ltd/SS8050/28539054"; VariantName = "[No Variations]"
Added Component: Designator=Q3(PNP_Bipolar_Transistor)
Added Component: Designator=R2(0603_Resistor)
Added Component: Designator=R5(0603_Resistor)
Added Component: Designator=R6(0603_Resistor)
Added Component: Designator=R7(0603_Resistor)
Added Component: Designator=R8(0603_Resistor)
Added Component: Designator=R9(0603_Resistor)
Added Component: Designator=R10(0603_Resistor)
Added Component: Designator=R11(0603_Resistor)
Added Component: Designator=R12(0603_Resistor)
Added Component: Designator=R13(0603_Resistor)
Added Component: Designator=R14(0603_Resistor)
Added Component: Designator=R15(0603_Resistor)
Added Component: Designator=R16(0603_Resistor)
Added Component: Designator=R17(0603_Resistor)
Added Component: Designator=R18(0603_Resistor)
Added Component: Designator=R19(0805_Resistor)
Added Component: Designator=R20(0603_Resistor)
Added Component: Designator=R21(0805_Resistor)
Added Component: Designator=R22(0603_Resistor)
Added Component: Designator=R23(0603_Resistor)
Added Component: Designator=R24(0603_Resistor)
Added Component: Designator=R25(0603_Resistor)
Added Component: Designator=R26(0603_Resistor)
Added Component: Designator=R27(0603_Resistor)
Added Component: Designator=R28(0603_Resistor)
Added Component: Designator=R29(0603_Resistor)
Added Component: Designator=R30(0603_Resistor)
Added Component: Designator=R31(0603_Resistor)
Added Component: Designator=R32(0603_Resistor)
Added Component: Designator=R33(0603_Resistor)
Added Component: Designator=R34(0603_Resistor)
Added Component: Designator=R35(0603_Resistor)
Added Component: Designator=R36(0603_Resistor)
Added Component: Designator=R37(0603_Resistor)
Added Component: Designator=R38(0603_Resistor)
Added Component: Designator=R39(0603_Resistor)
Added Component: Designator=R40(0603_Resistor)
Added Component: Designator=S1(PTS636SK25SMTR)
Added Component: Designator=S2(PTS636SK25SMTR)
Added Component: Designator=TP1(Testpoint S2761-46R)
Added Component: Designator=TP2(Testpoint S2761-46R)
Added Component: Designator=TP4(Testpoint S2761-46R)
Added Component: Designator=TP5(Testpoint S2761-46R)
Added Component: Designator=U1(DCDC_Converter)
Add component (AddParameter): Name = "Availability"; Value = "In Stock"; VariantName = "[No Variations]"
Add component (AddParameter): Name = "Check_prices"; Value = "https://www.snapeda.com/parts/LTM4627EY%23PBF/Analog+Devices/view-part/?ref=eda"; VariantName = "[No Variations]"
Add component (AddParameter): Name = "MF"; Value = "Analog Devices"; VariantName = "[No Variations]"
Add component (AddParameter): Name = "MP"; Value = "LTM4627EY#PBF"; VariantName = "[No Variations]"
Add component (AddParameter): Name = "Package"; Value = "BGA -133 Analog Devices"; VariantName = "[No Variations]"
Add component (AddParameter): Name = "Price"; Value = "None"; VariantName = "[No Variations]"
Add component (AddParameter): Name = "Purchase-URL"; Value = "https://pricing.snapeda.com/search/part/LTM4627EY#PBF/?ref=eda"; VariantName = "[No Variations]"
Add component (AddParameter): Name = "SnapEDA_Link"; Value = "https://www.snapeda.com/parts/LTM4627EY%23PBF/Analog+Devices/view-part/?ref=snap"; VariantName = "[No Variations]"
Add component (AddParameter): Name = "Value"; Value = ""; VariantName = "[No Variations]"
Added Component: Designator=U2(LD1117S33CTR)
Add component (AddParameter): Name = "ComponentLink1Description"; Value = "Datasheet"; VariantName = "[No Variations]"
Add component (AddParameter): Name = "ComponentLink1URL"; Value = "chrome-extension://efaidnbmnnnibpcajpcglclefindmkaj/https://www.st.com/content/ccc/resource/technical/document/datasheet/99/3b/7d/91/91/51/4b/be/CD00000544.pdf/files/CD00000544.pdf/jcr:content/translations/en.CD00000544.pdf"; VariantName = "[No Variations]"
Add component (AddParameter): Name = "ComponentLink2Description"; Value = "Supplier"; VariantName = "[No Variations]"
Add component (AddParameter): Name = "ComponentLink2URL"; Value = "https://www.digikey.ch/en/products/detail/stmicroelectronics/LD1117S33CTR/585765"; VariantName = "[No Variations]"
Added Component: Designator=U3(Optocoupler)
Added Component: Designator=U4(USB_Digital_Isolator_A)
Added Component: Designator=U5(USB_Digital_Isolator_A)
Added Component: Designator=U6(CP2102N-A02-GQFN28R)
Add component (AddParameter): Name = "ComponentLink1Description"; Value = "Datasheet"; VariantName = "[No Variations]"
Add component (AddParameter): Name = "ComponentLink1URL"; Value = "chrome-extension://efaidnbmnnnibpcajpcglclefindmkaj/https://www.silabs.com/documents/public/data-sheets/cp2102n-datasheet.pdf"; VariantName = "[No Variations]"
Add component (AddParameter): Name = "ComponentLink2Description"; Value = "Supplierlink"; VariantName = "[No Variations]"
Add component (AddParameter): Name = "ComponentLink2URL"; Value = "https://www.digikey.ch/en/products/detail/silicon-laboratories-inc/CP2102N-A02-GQFN28R/9863486?utm_source=findchips&utm_medium=aggregator&utm_campaign=buynow"; VariantName = "[No Variations]"
Added Component: Designator=U7(ESP32-S3-WROOM-2)
Add component (AddParameter): Name = "Assembly Technology"; Value = "SMD"; VariantName = "[No Variations]"
Add component (AddParameter): Name = "ComponentLink1Description"; Value = "Show Datasheet on SMS Drive"; VariantName = "[No Variations]"
Add component (AddParameter): Name = "ComponentLink1URL"; Value = "P:\Electronic Workshop\Datasheets (Refered in Libraries - Don't Change!)\ESP32-S3-WROOM-2-N32R16V_Digikey_1965-ESP32-S3-WROOM-2-N32R16VCT-ND.pdf"; VariantName = "[No Variations]"
Add component (AddParameter): Name = "Latest Revision Date"; Value = "17.10.2025"; VariantName = "[No Variations]"
Add component (AddParameter): Name = "Latest Revision Made By"; Value = "Simon Gimple"; VariantName = "[No Variations]"
Add component (AddParameter): Name = "Latest Revision Note"; Value = "New Part"; VariantName = "[No Variations]"
Add component (AddParameter): Name = "Manufacturer"; Value = "Espressif Systems"; VariantName = "[No Variations]"
Add component (AddParameter): Name = "Manufacturer Part Number"; Value = "ESP32-S3-WROOM-2-N32R16V"; VariantName = "[No Variations]"
Add component (AddParameter): Name = "Note Schematic"; Value = ""; VariantName = "[No Variations]"
Add component (AddParameter): Name = "SMS-Lab Part Number"; Value = ""; VariantName = "[No Variations]"
Add component (AddParameter): Name = "Supplier 1"; Value = "DigiKey"; VariantName = "[No Variations]"
Add component (AddParameter): Name = "Supplier 1 Part Number"; Value = "1965-ESP32-S3-WROOM-2-N32R16VCT-ND"; VariantName = "[No Variations]"
Add component (AddParameter): Name = "Supplier 2"; Value = "Mouser"; VariantName = "[No Variations]"
Add component (AddParameter): Name = "Supplier 2 Part Number"; Value = "356-SP32S3WM2N32R16V"; VariantName = "[No Variations]"
Add component (AddParameter): Name = "Supplier 3"; Value = ""; VariantName = "[No Variations]"
Add component (AddParameter): Name = "Supplier 3 Part Number"; Value = ""; VariantName = "[No Variations]"
Add component (AddParameter): Name = "Value"; Value = ""; VariantName = "[No Variations]"
Added Component: Designator=U8(DBV0005A_L_Single_Bus_Buffer_Gate)
Add component (AddParameter): Name = "ComponentLink1Description"; Value = "Supplier"; VariantName = "[No Variations]"
Add component (AddParameter): Name = "ComponentLink1URL"; Value = "https://www.digikey.com/en/products/detail/texas-instruments/SN74LVC1G126DBVR/385722"; VariantName = "[No Variations]"
Added Component: Designator=U9(DBV0005A_L_Single_Bus_Buffer_Gate)
Add component (AddParameter): Name = "ComponentLink1Description"; Value = "Supplier"; VariantName = "[No Variations]"
Add component (AddParameter): Name = "ComponentLink1URL"; Value = ""; VariantName = "[No Variations]"
Added Pin To Net: NetName=GND Pin=C2-1
Added Pin To Net: NetName=NetC2_2 Pin=C2-2
Added Pin To Net: NetName=GND Pin=C3-1
Added Pin To Net: NetName=NetC2_2 Pin=C3-2
Added Pin To Net: NetName=GND Pin=C4-1
Added Pin To Net: NetName=NetC4_2 Pin=C4-2
Added Pin To Net: NetName=GND Pin=C6-1
Added Pin To Net: NetName=NetC4_2 Pin=C6-2
Added Pin To Net: NetName=GND_A Pin=C13-1
Added Pin To Net: NetName=VBUS_A Pin=C13-2
Added Pin To Net: NetName=GND_B Pin=C14-1
Added Pin To Net: NetName=VBUS_B Pin=C14-2
Added Pin To Net: NetName=NetC15_1 Pin=C15-1
Added Pin To Net: NetName=GND Pin=C15-2
Added Pin To Net: NetName=NetC16_1 Pin=C16-1
Added Pin To Net: NetName=GND_A Pin=C16-2
Added Pin To Net: NetName=NetC17_1 Pin=C17-1
Added Pin To Net: NetName=GND_B Pin=C17-2
Added Pin To Net: NetName=+3.3V Pin=C18-1
Added Pin To Net: NetName=GND Pin=C18-2
Added Pin To Net: NetName=+3.3V Pin=C19-1
Added Pin To Net: NetName=GND Pin=C19-2
Added Pin To Net: NetName=GND Pin=C20-1
Added Pin To Net: NetName=+3.3V Pin=C20-2
Added Pin To Net: NetName=GND Pin=C21-1
Added Pin To Net: NetName=+3.3V Pin=C21-2
Added Pin To Net: NetName=GND Pin=C22-1
Added Pin To Net: NetName=+3.3V Pin=C22-2
Added Pin To Net: NetName=GND Pin=C23-1
Added Pin To Net: NetName=+3.3V Pin=C23-2
Added Pin To Net: NetName=GND Pin=C24-1
Added Pin To Net: NetName=+3.3V Pin=C24-2
Added Pin To Net: NetName=GND Pin=C25-1
Added Pin To Net: NetName=EN Pin=C25-2
Added Pin To Net: NetName=GND Pin=C26-1
Added Pin To Net: NetName=EN Pin=C26-2
Added Pin To Net: NetName=GND Pin=C27-1
Added Pin To Net: NetName=GPIO0 Pin=C27-2
Added Pin To Net: NetName=GND Pin=C28-1
Added Pin To Net: NetName=+3.3V Pin=C28-2
Added Pin To Net: NetName=GND Pin=C29-1
Added Pin To Net: NetName=+3.3V Pin=C29-2
Added Pin To Net: NetName=GND_A Pin=D1-A
Added Pin To Net: NetName=VBUS_A Pin=D1-K
Added Pin To Net: NetName=GND_B Pin=D2-A
Added Pin To Net: NetName=VBUS_B Pin=D2-K
Added Pin To Net: NetName=GND_A Pin=D3-A
Added Pin To Net: NetName=USB_DN Pin=D3-K
Added Pin To Net: NetName=GND_B Pin=D4-A
Added Pin To Net: NetName=GPIO19 Pin=D4-K
Added Pin To Net: NetName=GND_A Pin=D5-A
Added Pin To Net: NetName=USB_DP Pin=D5-K
Added Pin To Net: NetName=GND_B Pin=D6-A
Added Pin To Net: NetName=GPIO20 Pin=D6-K
Added Pin To Net: NetName=+5V Pin=D7-1
Added Pin To Net: NetName=GND Pin=D7-3
Added Pin To Net: NetName=NetD7_4 Pin=D7-4
Added Pin To Net: NetName=NetF1_1 Pin=F1-1
Added Pin To Net: NetName=+12V Pin=F1-2
Added Pin To Net: NetName=NetF1_1 Pin=J1-1
Added Pin To Net: NetName=GND Pin=J1-2
Added Pin To Net: NetName=GND_A Pin=J2-A1_B12
Added Pin To Net: NetName=VBUS_A Pin=J2-A4_B9
Added Pin To Net: NetName=NetJ2_A5 Pin=J2-A5
Added Pin To Net: NetName=USB_DP Pin=J2-A6
Added Pin To Net: NetName=USB_DN Pin=J2-A7
Added Pin To Net: NetName=GND_A Pin=J2-B1_A12
Added Pin To Net: NetName=VBUS_A Pin=J2-B4_A9
Added Pin To Net: NetName=NetJ2_B5 Pin=J2-B5
Added Pin To Net: NetName=USB_DP Pin=J2-B6
Added Pin To Net: NetName=USB_DN Pin=J2-B7
Added Pin To Net: NetName=GND_A Pin=J2-SH1
Added Pin To Net: NetName=GND_A Pin=J2-SH2
Added Pin To Net: NetName=GND_A Pin=J2-SH3
Added Pin To Net: NetName=GND_A Pin=J2-SH4
Added Pin To Net: NetName=GND_B Pin=J3-A1_B12
Added Pin To Net: NetName=VBUS_B Pin=J3-A4_B9
Added Pin To Net: NetName=NetJ3_A5 Pin=J3-A5
Added Pin To Net: NetName=GPIO20 Pin=J3-A6
Added Pin To Net: NetName=GPIO19 Pin=J3-A7
Added Pin To Net: NetName=GND_B Pin=J3-B1_A12
Added Pin To Net: NetName=VBUS_B Pin=J3-B4_A9
Added Pin To Net: NetName=NetJ3_B5 Pin=J3-B5
Added Pin To Net: NetName=GPIO20 Pin=J3-B6
Added Pin To Net: NetName=GPIO19 Pin=J3-B7
Added Pin To Net: NetName=GND_B Pin=J3-SH1
Added Pin To Net: NetName=GND_B Pin=J3-SH2
Added Pin To Net: NetName=GND_B Pin=J3-SH3
Added Pin To Net: NetName=GND_B Pin=J3-SH4
Added Pin To Net: NetName=+3.3V Pin=J4-1
Added Pin To Net: NetName=+3.3V Pin=J4-2
Added Pin To Net: NetName=SDA Pin=J4-3
Added Pin To Net: NetName=SCL Pin=J4-4
Added Pin To Net: NetName=SCL Pin=J4-5
Added Pin To Net: NetName=SDA Pin=J4-6
Added Pin To Net: NetName=GND Pin=J4-7
Added Pin To Net: NetName=GND Pin=J4-8
Added Pin To Net: NetName=GND Pin=J4-SH1
Added Pin To Net: NetName=GND Pin=J4-SH2
Added Pin To Net: NetName=+3.3V Pin=J5-1
Added Pin To Net: NetName=SDA Pin=J5-2
Added Pin To Net: NetName=SCL Pin=J5-3
Added Pin To Net: NetName=GND Pin=J5-4
Added Pin To Net: NetName=GND Pin=J5-SH1
Added Pin To Net: NetName=GND Pin=J5-SH2
Added Pin To Net: NetName=GND Pin=J6-1
Added Pin To Net: NetName=+12V Pin=J6-2
Added Pin To Net: NetName=DATA Pin=J6-3
Added Pin To Net: NetName=GND Pin=J7-1
Added Pin To Net: NetName=+5V Pin=J7-2
Added Pin To Net: NetName=D1 Pin=J7-3
Added Pin To Net: NetName=GND Pin=J7-4
Added Pin To Net: NetName=GND Pin=J8-1
Added Pin To Net: NetName=+5V Pin=J8-2
Added Pin To Net: NetName=D5 Pin=J8-3
Added Pin To Net: NetName=GND Pin=J8-4
Added Pin To Net: NetName=GND Pin=J9-1
Added Pin To Net: NetName=+5V Pin=J9-2
Added Pin To Net: NetName=D9 Pin=J9-3
Added Pin To Net: NetName=GND Pin=J9-4
Added Pin To Net: NetName=GND Pin=J10-1
Added Pin To Net: NetName=+5V Pin=J10-2
Added Pin To Net: NetName=D3 Pin=J10-3
Added Pin To Net: NetName=GND Pin=J10-4
Added Pin To Net: NetName=GND Pin=J11-1
Added Pin To Net: NetName=+5V Pin=J11-2
Added Pin To Net: NetName=D7 Pin=J11-3
Added Pin To Net: NetName=GND Pin=J11-4
Added Pin To Net: NetName=GND Pin=J12-1
Added Pin To Net: NetName=+5V Pin=J12-2
Added Pin To Net: NetName=D11 Pin=J12-3
Added Pin To Net: NetName=GND Pin=J12-4
Added Pin To Net: NetName=GND Pin=J13-1
Added Pin To Net: NetName=+5V Pin=J13-2
Added Pin To Net: NetName=D2 Pin=J13-3
Added Pin To Net: NetName=GND Pin=J13-4
Added Pin To Net: NetName=GND Pin=J14-1
Added Pin To Net: NetName=+5V Pin=J14-2
Added Pin To Net: NetName=D6 Pin=J14-3
Added Pin To Net: NetName=GND Pin=J14-4
Added Pin To Net: NetName=GND Pin=J15-1
Added Pin To Net: NetName=+5V Pin=J15-2
Added Pin To Net: NetName=D10 Pin=J15-3
Added Pin To Net: NetName=GND Pin=J15-4
Added Pin To Net: NetName=GND Pin=J16-1
Added Pin To Net: NetName=+5V Pin=J16-2
Added Pin To Net: NetName=D4 Pin=J16-3
Added Pin To Net: NetName=GND Pin=J16-4
Added Pin To Net: NetName=GND Pin=J17-1
Added Pin To Net: NetName=+5V Pin=J17-2
Added Pin To Net: NetName=D8 Pin=J17-3
Added Pin To Net: NetName=GND Pin=J17-4
Added Pin To Net: NetName=GND Pin=J18-1
Added Pin To Net: NetName=+5V Pin=J18-2
Added Pin To Net: NetName=D12 Pin=J18-3
Added Pin To Net: NetName=GND Pin=J18-4
Added Pin To Net: NetName=NetLED1_A Pin=LED1-A
Added Pin To Net: NetName=GND Pin=LED1-K
Added Pin To Net: NetName=NetQ1_1 Pin=Q1-1
Added Pin To Net: NetName=RTS Pin=Q1-2
Added Pin To Net: NetName=NetQ1_3 Pin=Q1-3
Added Pin To Net: NetName=NetQ2_1 Pin=Q2-1
Added Pin To Net: NetName=DTR Pin=Q2-2
Added Pin To Net: NetName=NetQ2_3 Pin=Q2-3
Added Pin To Net: NetName=NetQ3_1 Pin=Q3-1
Added Pin To Net: NetName=+3.3V Pin=Q3-2
Added Pin To Net: NetName=TX_EN Pin=Q3-3
Added Pin To Net: NetName=+12V Pin=R2-1
Added Pin To Net: NetName=NetC2_2 Pin=R2-2
Added Pin To Net: NetName=NetLED1_A Pin=R5-1
Added Pin To Net: NetName=NetC4_2 Pin=R5-2
Added Pin To Net: NetName=NetC4_2 Pin=R6-1
Added Pin To Net: NetName=+3.3V Pin=R6-2
Added Pin To Net: NetName=NetJ2_B5 Pin=R7-1
Added Pin To Net: NetName=GND_A Pin=R7-2
Added Pin To Net: NetName=NetJ2_A5 Pin=R8-1
Added Pin To Net: NetName=GND_A Pin=R8-2
Added Pin To Net: NetName=NetJ3_B5 Pin=R9-1
Added Pin To Net: NetName=GND_B Pin=R9-2
Added Pin To Net: NetName=NetJ3_A5 Pin=R10-1
Added Pin To Net: NetName=GND_B Pin=R10-2
Added Pin To Net: NetName=NetR11_1 Pin=R11-1
Added Pin To Net: NetName=VBUS_A Pin=R11-2
Added Pin To Net: NetName=NetC15_1 Pin=R12-1
Added Pin To Net: NetName=NetR12_2 Pin=R12-2
Added Pin To Net: NetName=GND Pin=R13-1
Added Pin To Net: NetName=NetC15_1 Pin=R13-2
Added Pin To Net: NetName=USB_DN Pin=R14-1
Added Pin To Net: NetName=NetR14_2 Pin=R14-2
Added Pin To Net: NetName=USB_DP Pin=R15-1
Added Pin To Net: NetName=NetR15_2 Pin=R15-2
Added Pin To Net: NetName=GPIO19 Pin=R16-1
Added Pin To Net: NetName=NetR16_2 Pin=R16-2
Added Pin To Net: NetName=GPIO20 Pin=R17-1
Added Pin To Net: NetName=NetR17_2 Pin=R17-2
Added Pin To Net: NetName=NetR12_2 Pin=R18-1
Added Pin To Net: NetName=+5V Pin=R18-2
Added Pin To Net: NetName=U0_RXD Pin=R19-1
Added Pin To Net: NetName=NetR19_2 Pin=R19-2
Added Pin To Net: NetName=NetR20_1 Pin=R20-1
Added Pin To Net: NetName=+3.3V Pin=R20-2
Added Pin To Net: NetName=U0_TXD Pin=R21-1
Added Pin To Net: NetName=NetR21_2 Pin=R21-2
Added Pin To Net: NetName=NetR22_1 Pin=R22-1
Added Pin To Net: NetName=USB_DN_2 Pin=R22-2
Added Pin To Net: NetName=NetR23_1 Pin=R23-1
Added Pin To Net: NetName=USB_DP_2 Pin=R23-2
Added Pin To Net: NetName=NetR24_1 Pin=R24-1
Added Pin To Net: NetName=GPIO19_2 Pin=R24-2
Added Pin To Net: NetName=NetR25_1 Pin=R25-1
Added Pin To Net: NetName=GPIO20_2 Pin=R25-2
Added Pin To Net: NetName=GND Pin=R26-1
Added Pin To Net: NetName=NetR26_2 Pin=R26-2
Added Pin To Net: NetName=EN Pin=R27-1
Added Pin To Net: NetName=+3.3V Pin=R27-2
Added Pin To Net: NetName=NetQ1_1 Pin=R28-1
Added Pin To Net: NetName=DTR Pin=R28-2
Added Pin To Net: NetName=NetQ2_1 Pin=R29-1
Added Pin To Net: NetName=RTS Pin=R29-2
Added Pin To Net: NetName=NetQ1_3 Pin=R30-1
Added Pin To Net: NetName=EN Pin=R30-2
Added Pin To Net: NetName=NetQ2_3 Pin=R31-1
Added Pin To Net: NetName=GPIO0 Pin=R31-2
Added Pin To Net: NetName=GPIO0 Pin=R32-1
Added Pin To Net: NetName=+3.3V Pin=R32-2
Added Pin To Net: NetName=NetR33_1 Pin=R33-1
Added Pin To Net: NetName=GND Pin=R33-2
Added Pin To Net: NetName=NetR34_1 Pin=R34-1
Added Pin To Net: NetName=GND Pin=R34-2
Added Pin To Net: NetName=NetQ3_1 Pin=R35-1
Added Pin To Net: NetName=U1_TXD Pin=R35-2
Added Pin To Net: NetName=NetR36_1 Pin=R36-1
Added Pin To Net: NetName=TX_EN Pin=R36-2
Added Pin To Net: NetName=GND Pin=R37-1
Added Pin To Net: NetName=NetR36_1 Pin=R37-2
Added Pin To Net: NetName=U1_TXD Pin=R38-1
Added Pin To Net: NetName=+3.3V Pin=R38-2
Added Pin To Net: NetName=DATA Pin=R39-1
Added Pin To Net: NetName=+3.3V Pin=R39-2
Added Pin To Net: NetName=U1_RXD Pin=R40-1
Added Pin To Net: NetName=+3.3V Pin=R40-2
Added Pin To Net: NetName=GND Pin=S1-1
Added Pin To Net: NetName=EN Pin=S1-2
Added Pin To Net: NetName=GND Pin=S2-1
Added Pin To Net: NetName=GPIO0 Pin=S2-2
Added Pin To Net: NetName=+12V Pin=TP1-1
Added Pin To Net: NetName=NetC4_2 Pin=TP2-1
Added Pin To Net: NetName=GND Pin=TP4-1
Added Pin To Net: NetName=GND Pin=TP5-1
Added Pin To Net: NetName=+12V Pin=U1-A1
Added Pin To Net: NetName=+12V Pin=U1-A2
Added Pin To Net: NetName=+12V Pin=U1-A3
Added Pin To Net: NetName=+12V Pin=U1-A4
Added Pin To Net: NetName=+12V Pin=U1-A5
Added Pin To Net: NetName=+12V Pin=U1-A6
Added Pin To Net: NetName=GND Pin=U1-A8
Added Pin To Net: NetName=NetC5_2 Pin=U1-A9
Added Pin To Net: NetName=NetR3_1 Pin=U1-A10
Added Pin To Net: NetName=NetC7_2 Pin=U1-A11
Added Pin To Net: NetName=+12V Pin=U1-B1
Added Pin To Net: NetName=+12V Pin=U1-B2
Added Pin To Net: NetName=+12V Pin=U1-B3
Added Pin To Net: NetName=+12V Pin=U1-B4
Added Pin To Net: NetName=+12V Pin=U1-B5
Added Pin To Net: NetName=+12V Pin=U1-B6
Added Pin To Net: NetName=GND Pin=U1-B7
Added Pin To Net: NetName=GND Pin=U1-B9
Added Pin To Net: NetName=NetR4_2 Pin=U1-B12
Added Pin To Net: NetName=+12V Pin=U1-C1
Added Pin To Net: NetName=+12V Pin=U1-C2
Added Pin To Net: NetName=+12V Pin=U1-C3
Added Pin To Net: NetName=+12V Pin=U1-C4
Added Pin To Net: NetName=+12V Pin=U1-C5
Added Pin To Net: NetName=+12V Pin=U1-C6
Added Pin To Net: NetName=GND Pin=U1-C7
Added Pin To Net: NetName=GND Pin=U1-C9
Added Pin To Net: NetName=GND Pin=U1-D1
Added Pin To Net: NetName=GND Pin=U1-D2
Added Pin To Net: NetName=GND Pin=U1-D3
Added Pin To Net: NetName=GND Pin=U1-D4
Added Pin To Net: NetName=GND Pin=U1-D5
Added Pin To Net: NetName=GND Pin=U1-D6
Added Pin To Net: NetName=GND Pin=U1-D8
Added Pin To Net: NetName=GND Pin=U1-E1
Added Pin To Net: NetName=GND Pin=U1-E2
Added Pin To Net: NetName=GND Pin=U1-E3
Added Pin To Net: NetName=GND Pin=U1-E4
Added Pin To Net: NetName=GND Pin=U1-E5
Added Pin To Net: NetName=GND Pin=U1-E6
Added Pin To Net: NetName=GND Pin=U1-E7
Added Pin To Net: NetName=GND Pin=U1-E9
Added Pin To Net: NetName=GND Pin=U1-F1
Added Pin To Net: NetName=GND Pin=U1-F2
Added Pin To Net: NetName=GND Pin=U1-F3
Added Pin To Net: NetName=GND Pin=U1-F4
Added Pin To Net: NetName=GND Pin=U1-F5
Added Pin To Net: NetName=GND Pin=U1-F6
Added Pin To Net: NetName=GND Pin=U1-F7
Added Pin To Net: NetName=GND Pin=U1-F8
Added Pin To Net: NetName=GND Pin=U1-F9
Added Pin To Net: NetName=NetC1_1 Pin=U1-F12
Added Pin To Net: NetName=GND Pin=U1-G1
Added Pin To Net: NetName=GND Pin=U1-G2
Added Pin To Net: NetName=GND Pin=U1-G3
Added Pin To Net: NetName=GND Pin=U1-G4
Added Pin To Net: NetName=GND Pin=U1-G5
Added Pin To Net: NetName=GND Pin=U1-G6
Added Pin To Net: NetName=GND Pin=U1-G7
Added Pin To Net: NetName=GND Pin=U1-G8
Added Pin To Net: NetName=GND Pin=U1-G9
Added Pin To Net: NetName=GND Pin=U1-G11
Added Pin To Net: NetName=GND Pin=U1-H1
Added Pin To Net: NetName=GND Pin=U1-H2
Added Pin To Net: NetName=GND Pin=U1-H3
Added Pin To Net: NetName=GND Pin=U1-H4
Added Pin To Net: NetName=GND Pin=U1-H5
Added Pin To Net: NetName=GND Pin=U1-H6
Added Pin To Net: NetName=GND Pin=U1-H7
Added Pin To Net: NetName=GND Pin=U1-H8
Added Pin To Net: NetName=GND Pin=U1-H9
Added Pin To Net: NetName=GND Pin=U1-H11
Added Pin To Net: NetName=GND Pin=U1-H12
Added Pin To Net: NetName=+5V Pin=U1-J1
Added Pin To Net: NetName=+5V Pin=U1-J2
Added Pin To Net: NetName=+5V Pin=U1-J3
Added Pin To Net: NetName=+5V Pin=U1-J4
Added Pin To Net: NetName=+5V Pin=U1-J5
Added Pin To Net: NetName=+5V Pin=U1-J6
Added Pin To Net: NetName=+5V Pin=U1-J7
Added Pin To Net: NetName=+5V Pin=U1-J8
Added Pin To Net: NetName=+5V Pin=U1-J9
Added Pin To Net: NetName=+5V Pin=U1-J10
Added Pin To Net: NetName=+5V Pin=U1-J12
Added Pin To Net: NetName=+5V Pin=U1-K1
Added Pin To Net: NetName=+5V Pin=U1-K2
Added Pin To Net: NetName=+5V Pin=U1-K3
Added Pin To Net: NetName=+5V Pin=U1-K4
Added Pin To Net: NetName=+5V Pin=U1-K5
Added Pin To Net: NetName=+5V Pin=U1-K6
Added Pin To Net: NetName=+5V Pin=U1-K7
Added Pin To Net: NetName=+5V Pin=U1-K8
Added Pin To Net: NetName=+5V Pin=U1-K9
Added Pin To Net: NetName=+5V Pin=U1-K10
Added Pin To Net: NetName=+5V Pin=U1-K11
Added Pin To Net: NetName=VOUT_LCL Pin=U1-K12
Added Pin To Net: NetName=+5V Pin=U1-L1
Added Pin To Net: NetName=+5V Pin=U1-L2
Added Pin To Net: NetName=+5V Pin=U1-L3
Added Pin To Net: NetName=+5V Pin=U1-L4
Added Pin To Net: NetName=+5V Pin=U1-L5
Added Pin To Net: NetName=+5V Pin=U1-L6
Added Pin To Net: NetName=+5V Pin=U1-L7
Added Pin To Net: NetName=+5V Pin=U1-L8
Added Pin To Net: NetName=+5V Pin=U1-L9
Added Pin To Net: NetName=+5V Pin=U1-L10
Added Pin To Net: NetName=+5V Pin=U1-L11
Added Pin To Net: NetName=VOUT_LCL Pin=U1-L12
Added Pin To Net: NetName=+5V Pin=U1-M1
Added Pin To Net: NetName=+5V Pin=U1-M2
Added Pin To Net: NetName=+5V Pin=U1-M3
Added Pin To Net: NetName=+5V Pin=U1-M4
Added Pin To Net: NetName=+5V Pin=U1-M5
Added Pin To Net: NetName=+5V Pin=U1-M6
Added Pin To Net: NetName=+5V Pin=U1-M7
Added Pin To Net: NetName=+5V Pin=U1-M8
Added Pin To Net: NetName=+5V Pin=U1-M9
Added Pin To Net: NetName=+5V Pin=U1-M10
Added Pin To Net: NetName=+5V Pin=U1-M11
Added Pin To Net: NetName=GND Pin=U1-M12
Added Pin To Net: NetName=GND Pin=U2-1
Added Pin To Net: NetName=NetC4_2 Pin=U2-2
Added Pin To Net: NetName=NetC2_2 Pin=U2-3
Added Pin To Net: NetName=NetC4_2 Pin=U2-4
Added Pin To Net: NetName=NetR11_1 Pin=U3-1
Added Pin To Net: NetName=GND_A Pin=U3-2
Added Pin To Net: NetName=NetR12_2 Pin=U3-3
Added Pin To Net: NetName=+5V Pin=U3-4
Added Pin To Net: NetName=VBUS_A Pin=U4-1
Added Pin To Net: NetName=GND_A Pin=U4-2
Added Pin To Net: NetName=NetC16_1 Pin=U4-3
Added Pin To Net: NetName=NetC16_1 Pin=U4-4
Added Pin To Net: NetName=NetC16_1 Pin=U4-5
Added Pin To Net: NetName=NetR14_2 Pin=U4-6
Added Pin To Net: NetName=NetR15_2 Pin=U4-7
Added Pin To Net: NetName=GND_A Pin=U4-8
Added Pin To Net: NetName=GND Pin=U4-9
Added Pin To Net: NetName=NetR23_1 Pin=U4-10
Added Pin To Net: NetName=NetR22_1 Pin=U4-11
Added Pin To Net: NetName=+3.3V Pin=U4-12
Added Pin To Net: NetName=+3.3V Pin=U4-13
Added Pin To Net: NetName=+3.3V Pin=U4-14
Added Pin To Net: NetName=GND Pin=U4-15
Added Pin To Net: NetName=+3.3V Pin=U4-16
Added Pin To Net: NetName=VBUS_B Pin=U5-1
Added Pin To Net: NetName=GND_B Pin=U5-2
Added Pin To Net: NetName=NetC17_1 Pin=U5-3
Added Pin To Net: NetName=NetC17_1 Pin=U5-4
Added Pin To Net: NetName=NetC17_1 Pin=U5-5
Added Pin To Net: NetName=NetR16_2 Pin=U5-6
Added Pin To Net: NetName=NetR17_2 Pin=U5-7
Added Pin To Net: NetName=GND_B Pin=U5-8
Added Pin To Net: NetName=GND Pin=U5-9
Added Pin To Net: NetName=NetR25_1 Pin=U5-10
Added Pin To Net: NetName=NetR24_1 Pin=U5-11
Added Pin To Net: NetName=+3.3V Pin=U5-12
Added Pin To Net: NetName=+3.3V Pin=U5-13
Added Pin To Net: NetName=+3.3V Pin=U5-14
Added Pin To Net: NetName=GND Pin=U5-15
Added Pin To Net: NetName=+3.3V Pin=U5-16
Added Pin To Net: NetName=GND Pin=U6-3
Added Pin To Net: NetName=USB_DP_2 Pin=U6-4
Added Pin To Net: NetName=USB_DN_2 Pin=U6-5
Added Pin To Net: NetName=+3.3V Pin=U6-6
Added Pin To Net: NetName=+3.3V Pin=U6-7
Added Pin To Net: NetName=NetC15_1 Pin=U6-8
Added Pin To Net: NetName=NetR20_1 Pin=U6-9
Added Pin To Net: NetName=NetR26_2 Pin=U6-11
Added Pin To Net: NetName=RTS Pin=U6-24
Added Pin To Net: NetName=NetR19_2 Pin=U6-25
Added Pin To Net: NetName=NetR21_2 Pin=U6-26
Added Pin To Net: NetName=DTR Pin=U6-28
Added Pin To Net: NetName=GND Pin=U6-29
Added Pin To Net: NetName=GND Pin=U7-1
Added Pin To Net: NetName=+3.3V Pin=U7-2
Added Pin To Net: NetName=EN Pin=U7-3
Added Pin To Net: NetName=D3 Pin=U7-4
Added Pin To Net: NetName=D4 Pin=U7-5
Added Pin To Net: NetName=D5 Pin=U7-6
Added Pin To Net: NetName=D6 Pin=U7-7
Added Pin To Net: NetName=D12 Pin=U7-8
Added Pin To Net: NetName=U1_TXD Pin=U7-10
Added Pin To Net: NetName=U1_RXD Pin=U7-11
Added Pin To Net: NetName=SDA Pin=U7-12
Added Pin To Net: NetName=GPIO19_2 Pin=U7-13
Added Pin To Net: NetName=GPIO20_2 Pin=U7-14
Added Pin To Net: NetName=NetR34_1 Pin=U7-16
Added Pin To Net: NetName=SCL Pin=U7-17
Added Pin To Net: NetName=D7 Pin=U7-18
Added Pin To Net: NetName=D8 Pin=U7-19
Added Pin To Net: NetName=D9 Pin=U7-20
Added Pin To Net: NetName=D10 Pin=U7-21
Added Pin To Net: NetName=D11 Pin=U7-22
Added Pin To Net: NetName=NetR33_1 Pin=U7-26
Added Pin To Net: NetName=GPIO0 Pin=U7-27
Added Pin To Net: NetName=NetD7_4 Pin=U7-31
Added Pin To Net: NetName=U0_RXD Pin=U7-36
Added Pin To Net: NetName=U0_TXD Pin=U7-37
Added Pin To Net: NetName=D2 Pin=U7-38
Added Pin To Net: NetName=D1 Pin=U7-39
Added Pin To Net: NetName=GND Pin=U7-40
Added Pin To Net: NetName=GND Pin=U7-41
Added Pin To Net: NetName=TX_EN Pin=U8-1
Added Pin To Net: NetName=U1_TXD Pin=U8-2
Added Pin To Net: NetName=GND Pin=U8-3
Added Pin To Net: NetName=DATA Pin=U8-4
Added Pin To Net: NetName=+3.3V Pin=U8-5
Added Pin To Net: NetName=TX_EN Pin=U9-1
Added Pin To Net: NetName=DATA Pin=U9-2
Added Pin To Net: NetName=GND Pin=U9-3
Added Pin To Net: NetName=U1_RXD Pin=U9-4
Added Pin To Net: NetName=+3.3V Pin=U9-5
Added Member To Class: ClassName=U_Power_Supply_Schematic Member=Component C2 10u
Added Member To Class: ClassName=U_Power_Supply_Schematic Member=Component C3 100n
Added Member To Class: ClassName=U_Power_Supply_Schematic Member=Component C4 10u
Added Member To Class: ClassName=U_Power_Supply_Schematic Member=Component C6 100n
Added Member To Class: ClassName=U_ESP32_S3_Wroom2_Schematic Member=Component C13 100n
Added Member To Class: ClassName=U_ESP32_S3_Wroom2_Schematic Member=Component C14 100n
Added Member To Class: ClassName=U_ESP32_S3_Wroom2_Schematic Member=Component C15 1u
Added Member To Class: ClassName=U_ESP32_S3_Wroom2_Schematic Member=Component C16 10n
Added Member To Class: ClassName=U_ESP32_S3_Wroom2_Schematic Member=Component C17 10n
Added Member To Class: ClassName=U_ESP32_S3_Wroom2_Schematic Member=Component C18 10n
Added Member To Class: ClassName=U_ESP32_S3_Wroom2_Schematic Member=Component C19 10n
Added Member To Class: ClassName=U_ESP32_S3_Wroom2_Schematic Member=Component C20 100n
Added Member To Class: ClassName=U_ESP32_S3_Wroom2_Schematic Member=Component C21 100n
Added Member To Class: ClassName=U_ESP32_S3_Wroom2_Schematic Member=Component C22 10u
Added Member To Class: ClassName=U_ESP32_S3_Wroom2_Schematic Member=Component C23 10u
Added Member To Class: ClassName=U_ESP32_S3_Wroom2_Schematic Member=Component C24 100n
Added Member To Class: ClassName=U_ESP32_S3_Wroom2_Schematic Member=Component C25 1u
Added Member To Class: ClassName=U_ESP32_S3_Wroom2_Schematic Member=Component C26 N.P
Added Member To Class: ClassName=U_ESP32_S3_Wroom2_Schematic Member=Component C27 1u
Added Member To Class: ClassName=U_St3025_Servo_Schematic Member=Component C28 100n
Added Member To Class: ClassName=U_St3025_Servo_Schematic Member=Component C29 100n
Added Member To Class: ClassName=U_ESP32_S3_Wroom2_Schematic Member=Component D1 ESD5B5.0ST1G
Added Member To Class: ClassName=U_ESP32_S3_Wroom2_Schematic Member=Component D2 ESD5B5.0ST1G
Added Member To Class: ClassName=U_ESP32_S3_Wroom2_Schematic Member=Component D3 ESD5B5.0ST1G
Added Member To Class: ClassName=U_ESP32_S3_Wroom2_Schematic Member=Component D4 ESD5B5.0ST1G
Added Member To Class: ClassName=U_ESP32_S3_Wroom2_Schematic Member=Component D5 ESD5B5.0ST1G
Added Member To Class: ClassName=U_ESP32_S3_Wroom2_Schematic Member=Component D6 ESD5B5.0ST1G
Added Member To Class: ClassName=U_ESP32_S3_Wroom2_Schematic Member=Component D7 WS2812B
Added Member To Class: ClassName=U_Power_Supply_Schematic Member=Component F1 0154010.DR
Added Member To Class: ClassName=U_Power_Supply_Schematic Member=Component J1 XT60PW-M
Added Member To Class: ClassName=U_ESP32_S3_Wroom2_Schematic Member=Component J2 USB4105-GF-A
Added Member To Class: ClassName=U_ESP32_S3_Wroom2_Schematic Member=Component J3 USB4105-GF-A
Added Member To Class: ClassName=U_ESP32_S3_Wroom2_Schematic Member=Component J4 RJE091884511C
Added Member To Class: ClassName=U_ESP32_S3_Wroom2_Schematic Member=Component J5 B4B-PH-SM4-TB
Added Member To Class: ClassName=U_St3025_Servo_Schematic Member=Component J6 691214110003
Added Member To Class: ClassName=U_LED_16x_Schematic Member=Component J7 B4B-PH-SM4-TB
Added Member To Class: ClassName=U_LED_16x_Schematic Member=Component J8 B4B-PH-SM4-TB
Added Member To Class: ClassName=U_LED_16x_Schematic Member=Component J9 B4B-PH-SM4-TB
Added Member To Class: ClassName=U_LED_16x_Schematic Member=Component J10 B4B-PH-SM4-TB
Added Member To Class: ClassName=U_LED_16x_Schematic Member=Component J11 B4B-PH-SM4-TB
Added Member To Class: ClassName=U_LED_16x_Schematic Member=Component J12 B4B-PH-SM4-TB
Added Member To Class: ClassName=U_LED_16x_Schematic Member=Component J13 B4B-PH-SM4-TB
Added Member To Class: ClassName=U_LED_16x_Schematic Member=Component J14 B4B-PH-SM4-TB
Added Member To Class: ClassName=U_LED_16x_Schematic Member=Component J15 B4B-PH-SM4-TB
Added Member To Class: ClassName=U_LED_16x_Schematic Member=Component J16 B4B-PH-SM4-TB
Added Member To Class: ClassName=U_LED_16x_Schematic Member=Component J17 B4B-PH-SM4-TB
Added Member To Class: ClassName=U_LED_16x_Schematic Member=Component J18 B4B-PH-SM4-TB
Added Member To Class: ClassName=U_Power_Supply_Schematic Member=Component LED1 GREEN
Added Member To Class: ClassName=Blackbox_BauhallenUhr_Schematic Member=Component MEC1 Mounting Hole M3, plated
Added Member To Class: ClassName=Blackbox_BauhallenUhr_Schematic Member=Component MEC2 Mounting Hole M3, plated
Added Member To Class: ClassName=Blackbox_BauhallenUhr_Schematic Member=Component MEC3 Mounting Hole M3, plated
Added Member To Class: ClassName=Blackbox_BauhallenUhr_Schematic Member=Component MEC4 Mounting Hole M3, plated
Added Member To Class: ClassName=U_ESP32_S3_Wroom2_Schematic Member=Component Q1 SS8050
Added Member To Class: ClassName=U_ESP32_S3_Wroom2_Schematic Member=Component Q2 SS8050
Added Member To Class: ClassName=U_St3025_Servo_Schematic Member=Component Q3 S8550
Added Member To Class: ClassName=U_Power_Supply_Schematic Member=Component R2 0
Added Member To Class: ClassName=U_Power_Supply_Schematic Member=Component R5 3.3k
Added Member To Class: ClassName=U_Power_Supply_Schematic Member=Component R6 0
Added Member To Class: ClassName=U_ESP32_S3_Wroom2_Schematic Member=Component R7 5.1k
Added Member To Class: ClassName=U_ESP32_S3_Wroom2_Schematic Member=Component R8 5.1k
Added Member To Class: ClassName=U_ESP32_S3_Wroom2_Schematic Member=Component R9 5.1k
Added Member To Class: ClassName=U_ESP32_S3_Wroom2_Schematic Member=Component R10 5.1k
Added Member To Class: ClassName=U_ESP32_S3_Wroom2_Schematic Member=Component R11 360
Added Member To Class: ClassName=U_ESP32_S3_Wroom2_Schematic Member=Component R12 22.1k
Added Member To Class: ClassName=U_ESP32_S3_Wroom2_Schematic Member=Component R13 47.5k
Added Member To Class: ClassName=U_ESP32_S3_Wroom2_Schematic Member=Component R14 24
Added Member To Class: ClassName=U_ESP32_S3_Wroom2_Schematic Member=Component R15 24
Added Member To Class: ClassName=U_ESP32_S3_Wroom2_Schematic Member=Component R16 24
Added Member To Class: ClassName=U_ESP32_S3_Wroom2_Schematic Member=Component R17 24
Added Member To Class: ClassName=U_ESP32_S3_Wroom2_Schematic Member=Component R18 N.P
Added Member To Class: ClassName=U_ESP32_S3_Wroom2_Schematic Member=Component R19 0
Added Member To Class: ClassName=U_ESP32_S3_Wroom2_Schematic Member=Component R20 1k
Added Member To Class: ClassName=U_ESP32_S3_Wroom2_Schematic Member=Component R21 0
Added Member To Class: ClassName=U_ESP32_S3_Wroom2_Schematic Member=Component R22 24
Added Member To Class: ClassName=U_ESP32_S3_Wroom2_Schematic Member=Component R23 24
Added Member To Class: ClassName=U_ESP32_S3_Wroom2_Schematic Member=Component R24 24
Added Member To Class: ClassName=U_ESP32_S3_Wroom2_Schematic Member=Component R25 24
Added Member To Class: ClassName=U_ESP32_S3_Wroom2_Schematic Member=Component R26 N.P
Added Member To Class: ClassName=U_ESP32_S3_Wroom2_Schematic Member=Component R27 10k
Added Member To Class: ClassName=U_ESP32_S3_Wroom2_Schematic Member=Component R28 10k
Added Member To Class: ClassName=U_ESP32_S3_Wroom2_Schematic Member=Component R29 10k
Added Member To Class: ClassName=U_ESP32_S3_Wroom2_Schematic Member=Component R30 0
Added Member To Class: ClassName=U_ESP32_S3_Wroom2_Schematic Member=Component R31 0
Added Member To Class: ClassName=U_ESP32_S3_Wroom2_Schematic Member=Component R32 10k
Added Member To Class: ClassName=U_ESP32_S3_Wroom2_Schematic Member=Component R33 10k
Added Member To Class: ClassName=U_ESP32_S3_Wroom2_Schematic Member=Component R34 10k
Added Member To Class: ClassName=U_St3025_Servo_Schematic Member=Component R35 10k
Added Member To Class: ClassName=U_St3025_Servo_Schematic Member=Component R36 10k
Added Member To Class: ClassName=U_St3025_Servo_Schematic Member=Component R37 10k
Added Member To Class: ClassName=U_St3025_Servo_Schematic Member=Component R38 10k
Added Member To Class: ClassName=U_St3025_Servo_Schematic Member=Component R39 10k
Added Member To Class: ClassName=U_St3025_Servo_Schematic Member=Component R40 10k
Added Member To Class: ClassName=U_ESP32_S3_Wroom2_Schematic Member=Component S1 ?
Added Member To Class: ClassName=U_ESP32_S3_Wroom2_Schematic Member=Component S2 ?
Added Member To Class: ClassName=U_Power_Supply_Schematic Member=Component TP1 Testpoint S2761-46R
Added Member To Class: ClassName=U_Power_Supply_Schematic Member=Component TP2 Testpoint S2761-46R
Added Member To Class: ClassName=U_ESP32_S3_Wroom2_Schematic Member=Component TP4 Testpoint S2761-46R
Added Member To Class: ClassName=U_ESP32_S3_Wroom2_Schematic Member=Component TP5 Testpoint S2761-46R
Added Member To Class: ClassName=U_Power_Supply_Schematic Member=Component U1 LTM4627EY#PBF
Added Member To Class: ClassName=U_Power_Supply_Schematic Member=Component U2 LD1117S33CTR
Added Member To Class: ClassName=U_ESP32_S3_Wroom2_Schematic Member=Component U3 TLP291(GB-TP,SE)
Added Member To Class: ClassName=U_ESP32_S3_Wroom2_Schematic Member=Component U4 ADUM3160BRWZ
Added Member To Class: ClassName=U_ESP32_S3_Wroom2_Schematic Member=Component U5 ADUM3160BRWZ
Added Member To Class: ClassName=U_ESP32_S3_Wroom2_Schematic Member=Component U6 CP2102N-A02-GQFN28R
Added Member To Class: ClassName=U_ESP32_S3_Wroom2_Schematic Member=Component U7 ESP32-S3-WROOM-2
Added Member To Class: ClassName=U_St3025_Servo_Schematic Member=Component U8 SN74LVC1G126DBVR
Added Member To Class: ClassName=U_St3025_Servo_Schematic Member=Component U9 SN74LVC1G125DBVR
